  bits.c
  cb_search.c
  exc_10_16_table.c
  exc_10_32_table.c
  exc_20_32_table.c
  exc_5_256_table.c
  exc_5_64_table.c
  exc_8_128_table.c
  fftwrap.c
  filterbank.c
  filters.c
  gain_table.c
  gain_table_lbr.c
  hexc_10_32_table.c
  hexc_table.c
  high_lsp_tables.c
  jitter.c
  kiss_fft.c
  kiss_fftr.c
E:\workspace\iPlayer\thirdparty\speex\libspeex\kiss_fft.c(311,34): warning C4267: '+=': conversion from 'size_t' to 'int', possible loss of data
E:\workspace\iPlayer\thirdparty\speex\libspeex\kiss_fft.c(416,73): warning C4267: 'function': conversion from 'size_t' to 'int', possible loss of data
E:\workspace\iPlayer\thirdparty\speex\libspeex\kiss_fft.c(471,46): warning C4267: 'function': conversion from 'size_t' to 'int', possible loss of data
E:\workspace\iPlayer\thirdparty\speex\libspeex\kiss_fftr.c(48,47): warning C4267: 'function': conversion from 'size_t' to 'int', possible loss of data
  lpc.c
  Generating Code...
  Compiling...
  lsp.c
  lsp_tables_nb.c
  ltp.c
  mdf.c
  modes.c
  modes_wb.c
  nb_celp.c
  preprocess.c
  quant_lsp.c
  sb_celp.c
  scal.c
  smallft.c
  speex.c
  speex_callbacks.c
  speex_header.c
  stereo.c
  vbr.c
  vq.c
  window.c
  Generating Code...
  LibSpeex.vcxproj -> E:\workspace\iPlayer\thirdparty\sox-14.4.2\msvc10\x64\Debug\LibSpeex.lib
