  analys.c
  bsynz.c
  chanwr.c
  dcbias.c
  decode.c
  deemp.c
  difmag.c
  dyptrk.c
  encode.c
  energy.c
  f2clib.c
  ham84.c
  hp100.c
  invert.c
  irc2pc.c
  ivfilt.c
  lpcdec.c
  lpcenc.c
  lpcini.c
  lpfilt.c
  Generating Code...
  Compiling...
  median.c
  mload.c
  onset.c
  pitsyn.c
  placea.c
  placev.c
  preemp.c
  prepro.c
  random.c
  rcchk.c
  synths.c
  tbdm.c
  voicin.c
  vparms.c
  Generating Code...
  LibLpc10.vcxproj -> E:\workspace\iPlayer\thirdparty\sox-14.4.2\msvc10\x64\Debug\LibLpc10.lib
